// Jest Snapshot v1, https://goo.gl/fbAQLP

exports[`ProjectDropdown renders correctly 1`] = `
<div class="project-dropdown">
  <div class="project-dropdown__wrap">
    <div class="project-dropdown__wrap__choice">
      <div class="project-dropdown__wrap__choice__mark-container">
        <selectionicon-stub class="project-dropdown__wrap__choice__mark-container__image"></selectionicon-stub>
      </div>
      <p class="project-dropdown__wrap__choice__selected">
        testName1
      </p>
    </div>
    <div class="project-dropdown__wrap__choice">
      <p class="project-dropdown__wrap__choice__unselected">testName2</p>
    </div>
  </div>
  <div class="project-dropdown__create-project">
    <div class="project-dropdown__create-project__border"></div>
    <div class="project-dropdown__create-project__button-area">
      <p class="project-dropdown__create-project__button-area__text">Manage Projects</p>
      <p class="project-dropdown__create-project__button-area__arrow">-&gt;</p>
    </div>
  </div>
</div>
`;
