// Jest Snapshot v1, https://goo.gl/fbAQLP

exports[`ProjectDashboard.vue renders correctly 1`] = `
<div class="dashboard-area">
  <div class="dashboard-area__header-wrapper">
    <h1 class="dashboard-area__title">test Dashboard</h1>
    <vinfo-stub text="" boldtext="Expect a delay of a few hours between network activity and the latest dashboard stats." class="dashboard-area__tooltip__wrapper">
      <infoicon-stub class="dashboard-area__tooltip__icon"></infoicon-stub>
    </vinfo-stub>
  </div>
  <projectusage-stub></projectusage-stub>
  <projectsummary-stub></projectsummary-stub>
  <bucketarea-stub></bucketarea-stub>
</div>
`;
