// Jest Snapshot v1, https://goo.gl/fbAQLP

exports[`Dashboard renders correctly when data is loaded 1`] = `
<div class="dashboard">
  <!---->
  <!---->
  <!---->
  <div class="dashboard__wrap">
    <dashboardheader-stub></dashboardheader-stub>
    <div class="dashboard__wrap__main-area">
      <navigationarea-stub class="regular-navigation"></navigationarea-stub>
      <div class="dashboard__wrap__main-area__content">
        <div class="dashboard__wrap__main-area__content__bar-area">
          <!---->
          <!---->
        </div>
        <router-view-stub name="default"></router-view-stub>
      </div>
    </div>
  </div>
</div>
`;

exports[`Dashboard renders correctly when data is loading 1`] = `
<div class="dashboard">
  <div class="loading-overlay active"><img src="@/../static/images/register/Loading.gif" alt="Company logo loading gif" class="loading-image"></div>
  <!---->
  <!---->
  <!---->
</div>
`;
